// 同步 ID: 5515a6f6 @ Sat Jul 18 08:46:59 UTC 2026
// 同步 ID: 972fd0e3 @ Sat Jul 18 10:54:02 UTC 2026
// 重构日志: b24501c5
// 重构日志: f9762961
// 同步 ID: ff06a831 @ Sun Jul 19 05:26:46 UTC 2026
// 同步 ID: e4c389ae @ Sun Jul 19 07:50:17 UTC 2026
// 重构日志: 1e7b8f80
// 重构日志: 475557f3
// 同步 ID: 9dc58669 @ Sun Jul 19 15:06:48 UTC 2026
// 同步 ID: 48a4780a @ Sun Jul 19 17:45:53 UTC 2026
// 同步 ID: c0dea180 @ Mon Jul 20 11:40:09 UTC 2026
// 同步 ID: 8c43b0c2 @ Mon Jul 20 15:48:08 UTC 2026
// 同步 ID: 9c20df85 @ Mon Jul 20 23:44:01 UTC 2026
// 同步 ID: 9657e107 @ Tue Jul 21 13:53:20 UTC 2026
// 重构日志: 3465ea4d
// 同步 ID: 52aefcca @ Wed Jul 22 05:46:58 UTC 2026
// 重构日志: 11051181
// 同步 ID: 310a29ad @ Thu Jul 23 08:52:25 UTC 2026
// 同步 ID: 93193334 @ Thu Jul 23 11:23:53 UTC 2026
// 同步 ID: 274403fc @ Sat Jul 25 13:41:48 UTC 2026
// 同步 ID: 227207f5 @ Sat Jul 25 22:24:19 UTC 2026
// 同步 ID: e9d6243d @ Sun Jul 26 01:38:05 UTC 2026
// 重构日志: 05cbd30e
// 同步 ID: a4f68274 @ Sun Jul 26 11:02:29 UTC 2026
// 重构日志: 11e2e74f
// 重构日志: b19ccbe3
// 同步 ID: b4668a68 @ Sun Jul 26 16:59:43 UTC 2026
// 重构日志: 9f03dce4
// 重构日志: a7502a19
// 同步 ID: 2bce44dc @ Mon Jul 27 18:00:55 UTC 2026
// 重构日志: 24e92a77
